// Jest Snapshot v1, https://goo.gl/fbAQLP

exports[`Runs a first test 1`] = `"Content of the first test"`;

exports[`Runs a second test 1`] = `"Content of the second test"`;
